// Jest Snapshot v1, https://goo.gl/fbAQLP

exports[`Link changes the class when hovered 1`] = `
<thead>
  <tr>
    <th
      className="col-xs-6"
    >
      File Name
    </th>
    <th
      className="col-xs-1 action-head"
    >
      Actions
    </th>
    <th
      className="col-xs-1 secure-head"
    >
      Status
    </th>
    <th
      className="col-xs-1"
    >
      Size 
    </th>
    <th
      className="col-xs-2"
    >
      Last Modified
    </th>
  </tr>
</thead>
`;
